tests/java9/underscore/underscore_03_2/Test.java:4: error: As of Java 9, '_' is a keyword, and may not be used as a variable identifier.
tests/java9/underscore/underscore_03_2/Test.java:5: error: duplicate declaration of local variable _
tests/java9/underscore/underscore_03_2/Test.java:5: error: As of Java 9, '_' is a keyword, and may not be used as a variable identifier.
