tests/java9/underscore/underscore_05_2/Test.java:3: error: As of Java 9, '_' is a keyword, and may not be used as an type identifier.
tests/java9/underscore/underscore_05_2/Test.java:3: error: As of Java 9, '_' is a keyword, and may not be used as an class identifier.
tests/java9/underscore/underscore_05_2/Test.java:4: error: As of Java 9, '_' is a keyword, and may not be used as a constructor identifier.
tests/java9/underscore/underscore_05_2/Test.java:6: error: constructor with signature _(int) is multiply declared in type Test._
tests/java9/underscore/underscore_05_2/Test.java:6: error: As of Java 9, '_' is a keyword, and may not be used as a constructor identifier.
