tests/method/multidecl_01f/Test.java:2: error: inherited method _$() is multiply declared with incompatible return types in Test
tests/method/multidecl_01f/Test.java:2: error: the return type of method _$() in Foo does not match the return type of method _$() in Bar and may thus not be overridden
tests/method/multidecl_01f/Test.java:2: error: the return type of method _$() in Foo does not match the return type of method _$() in Bar and may thus not be overridden
