tests/extendj/duplicate_field_01f/Test.java:4: error: field named lgr is multiply declared in type Test
tests/extendj/duplicate_field_01f/Test.java:5: error: field named lgr is multiply declared in type Test
tests/extendj/duplicate_field_01f/Test.java:8,12: error: several fields named lgr
    float lgr declared in Test
    int lgr declared in Test
