tests/java10/var/var_occurs/occurs_07/Test.java:6,15: error: Cannot use inferred-type variable 'x' within its own initializer expression.
tests/java10/var/var_occurs/occurs_07/Test.java:7,14: error: Cannot use inferred-type variable 'xx' within its own initializer expression.
tests/java10/var/var_occurs/occurs_07/Test.java:8,15: error: Cannot use inferred-type variable 'y' within its own initializer expression.
tests/java10/var/var_occurs/occurs_07/Test.java:9,13: error: Cannot use inferred-type variable 'z' within its own initializer expression.
tests/java10/var/var_occurs/occurs_07/Test.java:10,13: error: Cannot use inferred-type variable 't' within its own initializer expression.
tests/java10/var/var_occurs/occurs_07/Test.java:11,18: error: Cannot use inferred-type variable 'r' within its own initializer expression.
tests/java10/var/var_occurs/occurs_07/Test.java:12,13: error: Cannot use inferred-type variable 'e' within its own initializer expression.
tests/java10/var/var_occurs/occurs_07/Test.java:13,18: error: Cannot use inferred-type variable 'w' within its own initializer expression.
tests/java10/var/var_occurs/occurs_07/Test.java:14,15: error: Cannot use inferred-type variable 'q' within its own initializer expression.
tests/java10/var/var_occurs/occurs_07/Test.java:15,15: error: Cannot use inferred-type variable 'a' within its own initializer expression.
