tests/extendj/err_13f/Test.java:6: error: method with signature dupeStr() is multiply declared in type Test
tests/extendj/err_13f/Test.java:8: error: method with signature dupeStr() is multiply declared in type Test
tests/extendj/err_13f/Test.java:11: error: method with signature dupeVoid() is multiply declared in type Test
tests/extendj/err_13f/Test.java:13: error: method with signature dupeVoid() is multiply declared in type Test
tests/extendj/err_13f/Test.java:19: error: method with signature dupeGenStr() is multiply declared in type Test
tests/extendj/err_13f/Test.java:21: error: method with signature dupeGenStr() is multiply declared in type Test
tests/extendj/err_13f/Test.java:27: error: method with signature dupeGenVoid() is multiply declared in type Test
tests/extendj/err_13f/Test.java:29: error: method with signature dupeGenVoid() is multiply declared in type Test
