tests/java9/underscore/underscore_02_2/Test.java:2: error: Method _() is multiply declared in Test
tests/java9/underscore/underscore_02_2/Test.java:3: error: method with signature _() is multiply declared in type Test
tests/java9/underscore/underscore_02_2/Test.java:3: error: As of Java 9, '_' is a keyword, and may not be used as a method identifier.
tests/java9/underscore/underscore_02_2/Test.java:6: error: method with signature _() is multiply declared in type Test
tests/java9/underscore/underscore_02_2/Test.java:6: error: As of Java 9, '_' is a keyword, and may not be used as a method identifier.
