WARNING: unknown command-line option -XDuseUnsharedTable=true
WARNING: unknown command-line option -Xlint
WARNING: unknown command-line option -Xlint:deprecation
WARNING: unknown command-line option -Xmaxerrs
WARNING: unknown command-line option -Xmaxwarns
WARNING: unknown command-line option -Xstdout
WARNING: unknown command-line option -Xbork
WARNING: unknown command-line option -Xoh:hi=mark
